#-----------------------------------------------------------
# PlanAhead v14.7 (64-bit)
# Build 321239 by xbuild on Fri Sep 27 19:24:36 MDT 2013
# Start of session at: Wed Jan 23 18:47:56 2019
# Process ID: 6640
# Log file: /users/btech/aniketg/topendrive/seven/planAhead_run_1/planAhead.log
# Journal file: /users/btech/aniketg/topendrive/seven/planAhead_run_1/planAhead.jou
#-----------------------------------------------------------
start_gui
source /users/btech/aniketg/topendrive/seven/pa.fromHdl.tcl
update_compile_order -fileset sim_1
startgroup
set_property package_pin E9 [get_ports {z[6]}]
endgroup
startgroup
set_property package_pin D11 [get_ports {z[5]}]
endgroup
startgroup
set_property package_pin C11 [get_ports {z[4]}]
endgroup
startgroup
set_property package_pin F11 [get_ports {z[3]}]
endgroup
startgroup
set_property package_pin E11 [get_ports {z[2]}]
endgroup
startgroup
set_property package_pin E12 [get_ports {z[1]}]
endgroup
startgroup
set_property package_pin F12 [get_ports {z[0]}]
endgroup
startgroup
set_property package_pin F9 [get_ports carry]
endgroup
startgroup
set_property package_pin V4 [get_ports PB1]
endgroup
startgroup
set_property package_pin D18 [get_ports PB2]
endgroup
startgroup
set_property package_pin K17 [get_ports PB3]
endgroup
startgroup
set_property package_pin H13 [get_ports PB4]
endgroup
startgroup
set_property package_pin N17 [get_ports {Y[3]}]
endgroup
startgroup
set_property package_pin H18 [get_ports {Y[2]}]
endgroup
startgroup
set_property package_pin L14 [get_ports {Y[1]}]
endgroup
startgroup
set_property package_pin L13 [get_ports {Y[0]}]
endgroup
set_property iostandard LVTTL [get_ports [list {Y[3]} {Y[2]} {Y[1]} {Y[0]}]]
set_property pulltype PULLUP [get_ports [list {Y[3]} {Y[2]} {Y[1]} {Y[0]}]]
set_property iostandard LVTTL [get_ports [list {z[6]} {z[5]} {z[4]} {z[3]} {z[2]} {z[1]} {z[0]}]]
set_property drive 8 [get_ports [list {z[6]} {z[5]} {z[4]} {z[3]} {z[2]} {z[1]} {z[0]}]]
set_property iostandard LVTTL [get_ports [list carry]]
set_property drive 8 [get_ports [list carry]]
set_property iostandard LVTTL [get_ports [list PB1]]
set_property iostandard LVTTL [get_ports [list PB2]]
set_property iostandard LVTTL [get_ports [list PB3]]
set_property iostandard LVTTL [get_ports [list PB4]]
set_property pulltype PULLDOWN [get_ports [list PB1]]
set_property pulltype PULLDOWN [get_ports [list PB2]]
set_property pulltype PULLDOWN [get_ports [list PB3]]
set_property pulltype PULLDOWN [get_ports [list PB4]]
save_constraints
